paper-bench-config paperRoot=/home/daytona/egwalker-paper datasets=S1,S2,S3,C1,C2,A1,A2 cases=S1-full-operation,S2-full-operation,S3-full-operation,C1-full-operation,C2-full-operation,A1-full-operation,A2-full-operation runs=3 maxTxns=none maxEvents=none granularity=operation applyBatchEvents=4096 applyApi=causal applyOnly=true nativeOnly=false memory=false planPhase0=false phase6Gates=false
paper-bench-progress phase=converted dataset=S1 label=S1-full-operation run=1 elapsedMs=1090.31 events=779334 applyBatchEvents=4096 applyCalls=0
paper-bench-progress phase=applied dataset=S1 label=S1-full-operation run=1 elapsedMs=1958.55 events=779334 applyBatchEvents=4096 applyCalls=191
paper-bench-apply dataset=S1 label=S1-full-operation run=1 maxTxns=none maxEvents=none granularity=operation applyBatchEvents=4096 applyApi=causal applyCalls=191 txns=1 patches=166296 events=779334 text=314556 finalTextValidated=true loadConvertMs=1090.27 applyMs=868.12 totalMs=1958.55 fullReplays=0 partialReplays=0 incrementalApplies=779334 retreats=0 advances=0 sequenceRecords=0 peakSequenceRecords=0 sequenceTreeOperations=0
paper-bench-progress phase=converted dataset=S1 label=S1-full-operation run=2 elapsedMs=808.96 events=779334 applyBatchEvents=4096 applyCalls=0
paper-bench-progress phase=applied dataset=S1 label=S1-full-operation run=2 elapsedMs=1669.03 events=779334 applyBatchEvents=4096 applyCalls=191
paper-bench-apply dataset=S1 label=S1-full-operation run=2 maxTxns=none maxEvents=none granularity=operation applyBatchEvents=4096 applyApi=causal applyCalls=191 txns=1 patches=166296 events=779334 text=314556 finalTextValidated=true loadConvertMs=808.95 applyMs=859.95 totalMs=1669.02 fullReplays=0 partialReplays=0 incrementalApplies=779334 retreats=0 advances=0 sequenceRecords=0 peakSequenceRecords=0 sequenceTreeOperations=0
paper-bench-progress phase=converted dataset=S1 label=S1-full-operation run=3 elapsedMs=674.74 events=779334 applyBatchEvents=4096 applyCalls=0
paper-bench-progress phase=applied dataset=S1 label=S1-full-operation run=3 elapsedMs=1529.21 events=779334 applyBatchEvents=4096 applyCalls=191
paper-bench-apply dataset=S1 label=S1-full-operation run=3 maxTxns=none maxEvents=none granularity=operation applyBatchEvents=4096 applyApi=causal applyCalls=191 txns=1 patches=166296 events=779334 text=314556 finalTextValidated=true loadConvertMs=674.73 applyMs=854.34 totalMs=1529.20 fullReplays=0 partialReplays=0 incrementalApplies=779334 retreats=0 advances=0 sequenceRecords=0 peakSequenceRecords=0 sequenceTreeOperations=0
paper-bench-progress phase=converted dataset=S2 label=S2-full-operation run=1 elapsedMs=1276.69 events=1104627 applyBatchEvents=4096 applyCalls=0
paper-bench-progress phase=applied dataset=S2 label=S2-full-operation run=1 elapsedMs=2375.62 events=1104627 applyBatchEvents=4096 applyCalls=270
paper-bench-apply dataset=S2 label=S2-full-operation run=1 maxTxns=none maxEvents=none granularity=operation applyBatchEvents=4096 applyApi=causal applyCalls=270 txns=1 patches=67620 events=1104627 text=170307 finalTextValidated=true loadConvertMs=1276.68 applyMs=1098.81 totalMs=2375.61 fullReplays=0 partialReplays=0 incrementalApplies=1104627 retreats=0 advances=0 sequenceRecords=0 peakSequenceRecords=0 sequenceTreeOperations=0
paper-bench-progress phase=converted dataset=S2 label=S2-full-operation run=2 elapsedMs=818.50 events=1104627 applyBatchEvents=4096 applyCalls=0
paper-bench-progress phase=applied dataset=S2 label=S2-full-operation run=2 elapsedMs=1852.54 events=1104627 applyBatchEvents=4096 applyCalls=270
paper-bench-apply dataset=S2 label=S2-full-operation run=2 maxTxns=none maxEvents=none granularity=operation applyBatchEvents=4096 applyApi=causal applyCalls=270 txns=1 patches=67620 events=1104627 text=170307 finalTextValidated=true loadConvertMs=818.49 applyMs=1033.91 totalMs=1852.50 fullReplays=0 partialReplays=0 incrementalApplies=1104627 retreats=0 advances=0 sequenceRecords=0 peakSequenceRecords=0 sequenceTreeOperations=0
paper-bench-progress phase=converted dataset=S2 label=S2-full-operation run=3 elapsedMs=1670.63 events=1104627 applyBatchEvents=4096 applyCalls=0
paper-bench-progress phase=applied dataset=S2 label=S2-full-operation run=3 elapsedMs=2710.21 events=1104627 applyBatchEvents=4096 applyCalls=270
paper-bench-apply dataset=S2 label=S2-full-operation run=3 maxTxns=none maxEvents=none granularity=operation applyBatchEvents=4096 applyApi=causal applyCalls=270 txns=1 patches=67620 events=1104627 text=170307 finalTextValidated=true loadConvertMs=1670.62 applyMs=1039.46 totalMs=2710.20 fullReplays=0 partialReplays=0 incrementalApplies=1104627 retreats=0 advances=0 sequenceRecords=0 peakSequenceRecords=0 sequenceTreeOperations=0
paper-bench-progress phase=converted dataset=S3 label=S3-full-operation run=1 elapsedMs=2974.35 events=2339471 applyBatchEvents=4096 applyCalls=0
paper-bench-progress phase=applied dataset=S3 label=S3-full-operation run=1 elapsedMs=5128.21 events=2339471 applyBatchEvents=4096 applyCalls=572
paper-bench-apply dataset=S3 label=S3-full-operation run=1 maxTxns=none maxEvents=none granularity=operation applyBatchEvents=4096 applyApi=causal applyCalls=572 txns=1 patches=84635 events=2339471 text=122271 finalTextValidated=true loadConvertMs=2974.35 applyMs=2153.75 totalMs=5128.21 fullReplays=0 partialReplays=0 incrementalApplies=2339471 retreats=0 advances=0 sequenceRecords=0 peakSequenceRecords=0 sequenceTreeOperations=0
paper-bench-progress phase=converted dataset=S3 label=S3-full-operation run=2 elapsedMs=1738.33 events=2339471 applyBatchEvents=4096 applyCalls=0
paper-bench-progress phase=applied dataset=S3 label=S3-full-operation run=2 elapsedMs=3864.07 events=2339471 applyBatchEvents=4096 applyCalls=572
paper-bench-apply dataset=S3 label=S3-full-operation run=2 maxTxns=none maxEvents=none granularity=operation applyBatchEvents=4096 applyApi=causal applyCalls=572 txns=1 patches=84635 events=2339471 text=122271 finalTextValidated=true loadConvertMs=1738.33 applyMs=2125.65 totalMs=3864.06 fullReplays=0 partialReplays=0 incrementalApplies=2339471 retreats=0 advances=0 sequenceRecords=0 peakSequenceRecords=0 sequenceTreeOperations=0
paper-bench-progress phase=converted dataset=S3 label=S3-full-operation run=3 elapsedMs=3258.60 events=2339471 applyBatchEvents=4096 applyCalls=0
paper-bench-progress phase=applied dataset=S3 label=S3-full-operation run=3 elapsedMs=5439.63 events=2339471 applyBatchEvents=4096 applyCalls=572
paper-bench-apply dataset=S3 label=S3-full-operation run=3 maxTxns=none maxEvents=none granularity=operation applyBatchEvents=4096 applyApi=causal applyCalls=572 txns=1 patches=84635 events=2339471 text=122271 finalTextValidated=true loadConvertMs=3258.60 applyMs=2180.93 totalMs=5439.62 fullReplays=0 partialReplays=0 incrementalApplies=2339471 retreats=0 advances=0 sequenceRecords=0 peakSequenceRecords=0 sequenceTreeOperations=0
paper-bench-progress phase=converted dataset=C1 label=C1-full-operation run=1 elapsedMs=654.87 events=651950 applyBatchEvents=4096 applyCalls=0
paper-bench-progress phase=applied dataset=C1 label=C1-full-operation run=1 elapsedMs=11756.64 events=651950 applyBatchEvents=4096 applyCalls=160
paper-bench-apply dataset=C1 label=C1-full-operation run=1 maxTxns=none maxEvents=none granularity=operation applyBatchEvents=4096 applyApi=causal applyCalls=160 txns=93151 patches=146075 events=651950 text=534050 finalTextValidated=true loadConvertMs=654.86 applyMs=11101.69 totalMs=11756.63 fullReplays=1 partialReplays=158 incrementalApplies=686 retreats=0 advances=0 sequenceRecords=0 peakSequenceRecords=33446 sequenceTreeOperations=0
paper-bench-progress phase=converted dataset=C1 label=C1-full-operation run=2 elapsedMs=1035.65 events=651950 applyBatchEvents=4096 applyCalls=0
paper-bench-progress phase=applied dataset=C1 label=C1-full-operation run=2 elapsedMs=11954.44 events=651950 applyBatchEvents=4096 applyCalls=160
paper-bench-apply dataset=C1 label=C1-full-operation run=2 maxTxns=none maxEvents=none granularity=operation applyBatchEvents=4096 applyApi=causal applyCalls=160 txns=93151 patches=146075 events=651950 text=534050 finalTextValidated=true loadConvertMs=1035.65 applyMs=10918.70 totalMs=11954.44 fullReplays=1 partialReplays=158 incrementalApplies=686 retreats=0 advances=0 sequenceRecords=0 peakSequenceRecords=33446 sequenceTreeOperations=0
paper-bench-progress phase=converted dataset=C1 label=C1-full-operation run=3 elapsedMs=1408.50 events=651950 applyBatchEvents=4096 applyCalls=0
paper-bench-progress phase=applied dataset=C1 label=C1-full-operation run=3 elapsedMs=12308.93 events=651950 applyBatchEvents=4096 applyCalls=160
paper-bench-apply dataset=C1 label=C1-full-operation run=3 maxTxns=none maxEvents=none granularity=operation applyBatchEvents=4096 applyApi=causal applyCalls=160 txns=93151 patches=146075 events=651950 text=534050 finalTextValidated=true loadConvertMs=1408.49 applyMs=10900.35 totalMs=12308.92 fullReplays=1 partialReplays=158 incrementalApplies=686 retreats=0 advances=0 sequenceRecords=0 peakSequenceRecords=33446 sequenceTreeOperations=0
paper-bench-progress phase=converted dataset=C2 label=C2-full-operation run=1 elapsedMs=714.59 events=608150 applyBatchEvents=4096 applyCalls=0
paper-bench-progress phase=applied dataset=C2 label=C2-full-operation run=1 elapsedMs=14995.02 events=608150 applyBatchEvents=4096 applyCalls=149
paper-bench-apply dataset=C2 label=C2-full-operation run=1 maxTxns=none maxEvents=none granularity=operation applyBatchEvents=4096 applyApi=causal applyCalls=149 txns=134476 patches=160700 events=608150 text=528700 finalTextValidated=true loadConvertMs=714.58 applyMs=14280.34 totalMs=14995.01 fullReplays=1 partialReplays=148 incrementalApplies=0 retreats=0 advances=0 sequenceRecords=0 peakSequenceRecords=57316 sequenceTreeOperations=0
paper-bench-progress phase=converted dataset=C2 label=C2-full-operation run=2 elapsedMs=1112.19 events=608150 applyBatchEvents=4096 applyCalls=0
paper-bench-progress phase=applied dataset=C2 label=C2-full-operation run=2 elapsedMs=15665.44 events=608150 applyBatchEvents=4096 applyCalls=149
paper-bench-apply dataset=C2 label=C2-full-operation run=2 maxTxns=none maxEvents=none granularity=operation applyBatchEvents=4096 applyApi=causal applyCalls=149 txns=134476 patches=160700 events=608150 text=528700 finalTextValidated=true loadConvertMs=1112.18 applyMs=14553.17 totalMs=15665.43 fullReplays=1 partialReplays=148 incrementalApplies=0 retreats=0 advances=0 sequenceRecords=0 peakSequenceRecords=57316 sequenceTreeOperations=0
paper-bench-progress phase=converted dataset=C2 label=C2-full-operation run=3 elapsedMs=1081.97 events=608150 applyBatchEvents=4096 applyCalls=0
paper-bench-progress phase=applied dataset=C2 label=C2-full-operation run=3 elapsedMs=15411.26 events=608150 applyBatchEvents=4096 applyCalls=149
paper-bench-apply dataset=C2 label=C2-full-operation run=3 maxTxns=none maxEvents=none granularity=operation applyBatchEvents=4096 applyApi=causal applyCalls=149 txns=134476 patches=160700 events=608150 text=528700 finalTextValidated=true loadConvertMs=1081.97 applyMs=14329.20 totalMs=15411.26 fullReplays=1 partialReplays=148 incrementalApplies=0 retreats=0 advances=0 sequenceRecords=0 peakSequenceRecords=57316 sequenceTreeOperations=0
paper-bench-progress phase=converted dataset=A1 label=A1-full-operation run=1 elapsedMs=1061.42 events=947337 applyBatchEvents=4096 applyCalls=0
paper-bench-progress phase=applied dataset=A1 label=A1-full-operation run=1 elapsedMs=43297.73 events=947337 applyBatchEvents=4096 applyCalls=232
paper-bench-apply dataset=A1 label=A1-full-operation run=1 maxTxns=none maxEvents=none granularity=operation applyBatchEvents=4096 applyApi=causal applyCalls=232 txns=955 patches=53622 events=947337 text=38142 finalTextValidated=true loadConvertMs=1061.41 applyMs=42236.22 totalMs=43297.72 fullReplays=15 partialReplays=30 incrementalApplies=763017 retreats=0 advances=0 sequenceRecords=0 peakSequenceRecords=70640 sequenceTreeOperations=0
paper-bench-progress phase=converted dataset=A1 label=A1-full-operation run=2 elapsedMs=1125.86 events=947337 applyBatchEvents=4096 applyCalls=0
paper-bench-progress phase=applied dataset=A1 label=A1-full-operation run=2 elapsedMs=43312.39 events=947337 applyBatchEvents=4096 applyCalls=232
paper-bench-apply dataset=A1 label=A1-full-operation run=2 maxTxns=none maxEvents=none granularity=operation applyBatchEvents=4096 applyApi=causal applyCalls=232 txns=955 patches=53622 events=947337 text=38142 finalTextValidated=true loadConvertMs=1125.86 applyMs=42186.44 totalMs=43312.39 fullReplays=15 partialReplays=30 incrementalApplies=763017 retreats=0 advances=0 sequenceRecords=0 peakSequenceRecords=70640 sequenceTreeOperations=0
paper-bench-progress phase=converted dataset=A1 label=A1-full-operation run=3 elapsedMs=1988.87 events=947337 applyBatchEvents=4096 applyCalls=0
paper-bench-progress phase=applied dataset=A1 label=A1-full-operation run=3 elapsedMs=45528.79 events=947337 applyBatchEvents=4096 applyCalls=232
paper-bench-apply dataset=A1 label=A1-full-operation run=3 maxTxns=none maxEvents=none granularity=operation applyBatchEvents=4096 applyApi=causal applyCalls=232 txns=955 patches=53622 events=947337 text=38142 finalTextValidated=true loadConvertMs=1988.87 applyMs=43539.83 totalMs=45528.79 fullReplays=15 partialReplays=30 incrementalApplies=763017 retreats=0 advances=0 sequenceRecords=0 peakSequenceRecords=70640 sequenceTreeOperations=0
paper-bench-progress phase=converted dataset=A2 label=A2-full-operation run=1 elapsedMs=718.64 events=697638 applyBatchEvents=4096 applyCalls=0
A2: final text mismatch, got 227352 UTF-16 code units, expected 227352
